exports[`ApplicantBadge-9 1`] = `
<div
  className="AutoUI_ApplicantBadge-9 ">
  <img
    alt="Firstname \'s avatar"
    src="https://www.gravatar.com/avatar/0e618c4e06e5fba781c75a9a1b51c1d3?s=64" />
  <div
    className="AutoUI_ApplicantBadge-18">
    <div>
      Firstname 
    </div>
    <div>
      applicant@x-team.com
    </div>
  </div>
</div>
`;
