exports[`ApplicantBadge-3 1`] = `
<div
  className="AutoUI_ApplicantBadge-9 AutoUI_ApplicantBadge-16">
  <img
    alt="Active Applicant\'s avatar"
    src="https://www.gravatar.com/avatar/0e618c4e06e5fba781c75a9a1b51c1d3?s=64" />
  <div
    className="AutoUI_ApplicantBadge-18 AutoUI_ApplicantBadge-16">
    <div>
      Active Applicant
    </div>
    <div>
      applicant@x-team.com
    </div>
  </div>
</div>
`;
