exports[`Button-17 1`] = `
<button
  className=" AutoUI_Button-47 AutoUI_Button-28 AutoUI_Button-93 AutoUI_Button-112 outlined">
  <span
    className="AutoUI_Button-42 AutoUI_typo-141 AutoUI_typo-53 AutoUI_typo-46">
    Outlined monochrome state
  </span>
</button>
`;
