exports[`ResultListItem-2 1`] = `
<div
  className="AutoUI_ResultListItem-32">
  <img
    alt="Applicant X-Team\'s avatar"
    src="https://www.gravatar.com/avatar/0e618c4e06e5fba781c75a9a1b51c1d3?s=64" />
  <div>
    Applicant X-Team
  </div>
  <div
    className="AutoUI_ResultListItem-32">
    <a
      href="https://app.futuresimple.com/leads/e303e627d9c3f8c47e3bff5"
      target="_blank">
      â†’ View in Base
    </a>
  </div>
  <div>
    <div
      className="AutoUI_ResultListItem-16">
      Tags
    </div>
    <div
      className="AutoUI_ResultListItem-8">
      <div
        className="AutoUI_ResultListItem-16">
        react
      </div>
      <div
        className="AutoUI_ResultListItem-26">
        2 years of experience
      </div>
    </div>
    <div
      className="AutoUI_ResultListItem-8">
      <div
        className="AutoUI_ResultListItem-16">
        node.js
      </div>
    </div>
  </div>
</div>
`;
