exports[`RoadmapHero-1 1`] = `
<div
  className="AutoUI_RoadmapHero-18">
  <div
    className="AutoUI_RoadmapHero-33">
    <section
      className="AutoUI_Text-21">
      <h1
        className="AutoUI_Text-30 AutoUI_typo-27 AutoUI_typo-15">
        Your roadmap to X-Team
      </h1>
      <div
        className="AutoUI_Text-54 AutoUI_typo-21 AutoUI_typo-15">
        Many developers who came before you started right here and went on to do some of the best work of their career. That same opportunity begins now for you.
      </div>
    </section>
  </div>
  <img
    alt="X-Team Roadmap"
    src="e3bafbf75deef2b697c50a1c4616a476.png" />
</div>
`;
